I'm sorry, but errors were detected in your script. Please correct the
errors listed below, and try again.


File "game/script.rpy", line 142: expected end of line
    stop music '/images/nhacnen.ogg'
               ^

Ren'Py Version: Ren'Py 8.0.3.22090809
Wed Dec  7 19:27:02 2022
